// 同步 ID: 2071dea0 @ Thu Jul 23 14:45:03 UTC 2026
// 重构日志: 72461dec
// 重构日志: a6ef220d
// 重构日志: 656ac0a9
// 重构日志: 820c2d1d
// 重构日志: d9987386
// 同步 ID: 52e375eb @ Sat Jul 25 04:36:46 UTC 2026
// 重构日志: 028f6faa
// 重构日志: 6ce16838
// 同步 ID: bb00f024 @ Sun Jul 26 17:57:01 UTC 2026
// 同步 ID: 4966944a @ Mon Jul 27 00:28:29 UTC 2026
// 重构日志: 1c85e8d6
// 重构日志: d0b0f306
// 同步 ID: 2f390d67 @ Tue Jul 28 00:17:56 UTC 2026
// 同步 ID: 9b9906d3 @ Tue Jul 28 07:40:46 UTC 2026
// 重构日志: 898cdf9d
// 同步 ID: 101fe54d @ Thu Jul 30 07:07:55 UTC 2026
// 重构日志: 513b86d3
// 同步 ID: c76c1b86 @ Fri Jul 31 05:22:31 UTC 2026
// 重构日志: 19bdc84d
// 同步 ID: b747ff66 @ Sat Aug  1 11:55:22 UTC 2026
// 同步 ID: 4a731a41 @ Sat Aug  1 14:07:19 UTC 2026
// 同步 ID: 9f282c10 @ Sat Aug  1 21:38:35 UTC 2026
// 重构日志: 14c91011
// 同步 ID: 09181d9e @ Sun Aug  2 14:03:13 UTC 2026
// 同步 ID: 987cdba1 @ Sun Aug  2 15:45:32 UTC 2026
// 同步 ID: ec0b0cd2 @ Tue Aug  4 10:19:33 UTC 2026
// 同步 ID: c57410eb @ Wed Aug  5 01:16:38 UTC 2026
// 同步 ID: d39902c7 @ Wed Aug  5 04:07:15 UTC 2026
// 同步 ID: 978af192 @ Wed Aug  5 07:11:06 UTC 2026
